gameMode = 0
height = 20
width = 50
numGuards = 1
numIntruders = 1
captureDistance = 0.5
winConditionIntruderRounds = 1
maxRotationAngle = 45.0
maxMoveDistanceIntruder = 1.4
maxSprintDistanceIntruder = 4.0
maxMoveDistanceGuard = 1.4
sprintCooldown = 2
pheromoneCooldown = 3
radiusPheromone = 5.0
slowDownModifierWindow = 0.5
slowDownModifierDoor = 0.5
slowDownModifierSentryTower = 0.1
viewAngle = 45.0
viewRays = 45
viewRangeIntruderNormal = 7.5
viewRangeIntruderShaded = 4.0
viewRangeGuardNormal = 6.0
viewRangeGuardShaded = 3.5
viewRangeSentry = 2.0, 20.0
yellSoundRadius = 30.0
maxMoveSoundRadius = 10.0
windowSoundRadius = 10.0
doorSoundRadius = 5.0
pheromoneExpireRounds = 5

wall = 0.0,0.0,50.0,0.0,50.0,1.0,0.0,1.0
wall = 0.0,1.0,1.0,1.0,1.0,19.0,0.0,19.0
wall = 49.0,1.0,50.0,1.0,50.0,19.0,49.0,19.0
wall = 0.0,19.0,50.0,19.0,50.0,20.0,0.0,20.0
wall = 20.0,10.0,21.0,10.0,21.0,15.0,20.0,15.0
spawnAreaGuards = 45.0,15.0,49.0,15.0,49.0,19.0,45.0,19.0
spawnAreaIntruders = 1.0,1.0,5.0,1.0,5.0,5.0,1.0,5.0
targetArea = 45.0,15.0,49.0,15.0,49.0,19.0,45.0,19.0