gameMode = 0
height = 100
width = 100
numGuards = 1
numIntruders = 1
captureDistance = 0.5
winConditionIntruderRounds = 3
maxRotationAngle = 45.0
maxMoveDistanceIntruder = 0.0
maxSprintDistanceIntruder = 4.0
maxMoveDistanceGuard = 0.0
sprintCooldown = 2
pheromoneCooldown = 3
radiusPheromone = 5.0
slowDownModifierWindow = 0.5
slowDownModifierDoor = 0.5
slowDownModifierSentryTower = 0.1
viewAngle = 360.0
viewRays = 10000
viewRangeIntruderNormal = 125
viewRangeIntruderShaded = 4.0
viewRangeGuardNormal = 125
viewRangeGuardShaded = 3.5
viewRangeSentry = 2.0, 20.0
yellSoundRadius = 30.0
maxMoveSoundRadius = 10.0
windowSoundRadius = 10.0
doorSoundRadius = 5.0
pheromoneExpireRounds = 3



// guards can see only door
door = 10.0,1.0, 10.0,2.0, 90.0,2.0, 90.0,1.0
spawnAreaGuards = 47.0,47.0, 47.0,49.0, 49.0,49.0, 49.0,47.0

// there is a wall in between
wall = 0.0,49.5, 0.0,50.5, 100.0,50.5, 100.0,49.5

// intruders can see only window
window = 10.0,98.0, 10.0,99.0, 90.0,99.0, 90.0,98.0
spawnAreaIntruders = 51.0,51.0, 51.0,53.0, 53.0,53.0, 53.0,51.0

targetArea = 140.0,110.0,145.0,110.0,145.0,112.0,140.0,112.0